// Jest Snapshot v1, https://goo.gl/fbAQLP

exports[`App Component Testing take snapshot 1`] = `
<div>
  NavBar Component
</div>
`;
